2026-09-12 14:38:33.039 [main] INFO  Freerouting v1.9.0 (build-date: 2023-10-30)
2026-09-12 14:38:33.344 [main] INFO  Settings were loaded from freerouting.json
2026-09-12 14:38:34.459 [main] INFO  Opening 'dronemagnav-clean.dsn'...
2026-09-12 14:38:36.618 [ForkJoinPool.commonPool-worker-1] INFO  New version available: v2.4.1
2026-09-12 14:38:40.604 [Thread-1] INFO  Starting auto-routing...
2026-09-12 14:39:37.974 [Thread-1] WARN  There were only 15.75 changes in the last 20 passes, so it's very likely that autorouter can't improve the result much further. It is recommended to stop it and finish the board manually.
2026-09-12 14:40:10.218 [Thread-1] WARN  There were only 7.50 changes in the last 40 passes, so it's very likely that autorouter can't improve the result much further. It is recommended to stop it and finish the board manually.
2026-09-12 14:40:43.068 [Thread-1] WARN  There were only 4.85 changes in the last 60 passes, so it's very likely that autorouter can't improve the result much further. It is recommended to stop it and finish the board manually.
2026-09-12 14:41:16.438 [Thread-1] WARN  There were only 3.50 changes in the last 80 passes, so it's very likely that autorouter can't improve the result much further. It is recommended to stop it and finish the board manually.
2026-09-12 14:41:40.038 [Thread-1] INFO  Auto-routing was completed in 2 minute(s) 59.43 seconds.
2026-09-12 14:41:40.155 [Thread-1] INFO  Starting route optimization on 1 thread...
2026-09-12 14:41:48.901 [Thread-1] INFO  Route optimization was completed in 8.74 seconds.
2026-09-12 14:41:48.932 [Thread-1] INFO  Saving 'dronemagnav-clean.ses'...
2026-09-12 14:45:22.592 [main] INFO  Freerouting v1.9.0 (build-date: 2023-10-30)
2026-09-12 14:45:22.839 [main] INFO  Settings were loaded from freerouting.json
2026-09-12 14:45:23.919 [main] INFO  Opening 'dronemagnav-clean.dsn'...
2026-09-12 14:45:25.836 [ForkJoinPool.commonPool-worker-1] INFO  New version available: v2.4.1
2026-09-12 14:45:27.847 [Thread-1] INFO  Starting auto-routing...
2026-09-12 14:45:27.949 [Thread-1] INFO  Auto-routing was completed in 0.10 seconds.
2026-09-12 14:45:28.061 [Thread-1] INFO  Starting route optimization on 1 thread...
2026-09-12 14:45:28.061 [Thread-1] INFO  Route optimization was completed in 0.00 seconds.
2026-09-12 14:45:28.072 [Thread-1] INFO  Saving 'dronemagnav-clean.ses'...
2026-09-12 14:46:33.256 [main] INFO  Freerouting v1.9.0 (build-date: 2023-10-30)
2026-09-12 14:46:33.530 [main] INFO  Settings were loaded from freerouting.json
2026-09-12 14:46:34.610 [main] INFO  Opening 'dronemagnav-clean.dsn'...
2026-09-12 14:46:37.084 [ForkJoinPool.commonPool-worker-1] INFO  New version available: v2.4.1
2026-09-12 14:46:41.742 [Thread-1] INFO  Starting auto-routing...
2026-09-12 14:47:10.706 [Thread-1] INFO  Auto-routing was completed in 28.96 seconds.
2026-09-12 14:47:10.816 [Thread-1] INFO  Starting route optimization on 1 thread...
2026-09-12 14:47:20.828 [Thread-1] INFO  Route optimization was completed in 10.01 seconds.
2026-09-12 14:47:20.847 [Thread-1] INFO  Saving 'dronemagnav-clean.ses'...
2026-09-12 14:49:16.884 [main] INFO  Freerouting v1.9.0 (build-date: 2023-10-30)
2026-09-12 14:49:17.181 [main] INFO  Settings were loaded from freerouting.json
2026-09-12 14:49:18.304 [main] INFO  Opening 'dronemagnav-clean.dsn'...
2026-09-12 14:49:20.266 [ForkJoinPool.commonPool-worker-1] INFO  New version available: v2.4.1
2026-09-12 14:49:26.065 [Thread-1] INFO  Starting auto-routing...
2026-09-12 14:50:08.319 [Thread-1] INFO  Auto-routing was completed in 42.25 seconds.
2026-09-12 14:50:08.437 [Thread-1] INFO  Starting route optimization on 1 thread...
2026-09-12 14:50:20.625 [Thread-1] INFO  Route optimization was completed in 12.19 seconds.
2026-09-12 14:50:20.653 [Thread-1] INFO  Saving 'dronemagnav-clean.ses'...
2026-09-12 14:52:48.200 [main] INFO  Freerouting v1.9.0 (build-date: 2023-10-30)
2026-09-12 14:52:48.343 [main] INFO  Settings were loaded from freerouting.json
2026-09-12 14:52:49.420 [main] INFO  Opening 'dronemagnav-clean.dsn'...
2026-09-12 14:52:51.765 [ForkJoinPool.commonPool-worker-1] INFO  New version available: v2.4.1
2026-09-12 14:53:00.975 [Thread-1] INFO  Starting auto-routing...
2026-09-12 14:53:41.929 [Thread-1] WARN  There were only 16.20 changes in the last 20 passes, so it's very likely that autorouter can't improve the result much further. It is recommended to stop it and finish the board manually.
2026-09-12 14:53:55.256 [Thread-1] WARN  There were only 6.17 changes in the last 40 passes, so it's very likely that autorouter can't improve the result much further. It is recommended to stop it and finish the board manually.
2026-09-12 14:54:09.168 [Thread-1] WARN  There were only 3.68 changes in the last 60 passes, so it's very likely that autorouter can't improve the result much further. It is recommended to stop it and finish the board manually.
2026-09-12 14:54:22.152 [Thread-1] WARN  There were only 2.46 changes in the last 80 passes, so it's very likely that autorouter can't improve the result much further. It is recommended to stop it and finish the board manually.
2026-09-12 14:54:30.339 [Thread-1] INFO  Auto-routing was completed in 1 minute(s) 29.36 seconds.
2026-09-12 14:54:30.445 [Thread-1] INFO  Starting route optimization on 1 thread...
2026-09-12 14:54:39.308 [Thread-1] INFO  Route optimization was completed in 8.86 seconds.
2026-09-12 14:54:39.326 [Thread-1] INFO  Saving 'dronemagnav-clean.ses'...
2026-09-12 14:57:18.691 [main] INFO  Freerouting v1.9.0 (build-date: 2023-10-30)
2026-09-12 14:57:18.832 [main] INFO  Settings were loaded from freerouting.json
2026-09-12 14:57:19.908 [main] INFO  Opening 'dronemagnav-cont.dsn'...
2026-09-12 14:57:20.104 [main] ERROR dronemagnav-cont.dsn (The system cannot find the file specified)
java.io.FileNotFoundException: dronemagnav-cont.dsn (The system cannot find the file specified)
	at java.io.FileInputStream.open0(Native Method) ~[?:?]
	at java.io.FileInputStream.open(FileInputStream.java:213) ~[?:?]
	at java.io.FileInputStream.<init>(FileInputStream.java:152) ~[?:?]
	at app.freerouting.gui.DesignFile.get_input_stream(DesignFile.java:147) [freerouting-1.9.jar:unspecified]
	at app.freerouting.gui.MainApplication.create_board_frame(MainApplication.java:569) [freerouting-1.9.jar:unspecified]
	at app.freerouting.gui.MainApplication.main(MainApplication.java:362) [freerouting-1.9.jar:unspecified]
2026-09-12 14:57:20.181 [main] WARN  Couldn't create window frame
2026-09-12 14:58:00.072 [main] INFO  Freerouting v1.9.0 (build-date: 2023-10-30)
2026-09-12 14:58:00.208 [main] INFO  Settings were loaded from freerouting.json
2026-09-12 14:58:01.261 [main] INFO  Opening 'dronemagnav-cont.dsn'...
2026-09-12 14:58:02.849 [ForkJoinPool.commonPool-worker-1] INFO  New version available: v2.4.1
2026-09-12 14:58:08.687 [Thread-1] INFO  Starting auto-routing...
2026-09-12 14:58:12.689 [Thread-1] INFO  Auto-routing was completed in 4.00 seconds.
2026-09-12 14:58:12.801 [Thread-1] INFO  Starting route optimization on 1 thread...
2026-09-12 14:58:15.427 [Thread-1] INFO  Route optimization was completed in 2.62 seconds.
2026-09-12 14:58:15.448 [Thread-1] INFO  Saving 'dronemagnav-cont.ses'...
